16:05:01 **** Incremental Build of configuration Debug for project MQ intefejs ****
make -j8 all 
arm-none-eabi-gcc "../Core/Src/AirQualityIndicator.c" -mcpu=cortex-m7 -std=gnu11 -g3 -DDEBUG -DUSE_HAL_DRIVER -DSTM32F750xx -c -I../Core/Inc -I../Drivers/STM32F7xx_HAL_Driver/Inc -I../Drivers/STM32F7xx_HAL_Driver/Inc/Legacy -I../Drivers/CMSIS/Device/ST/STM32F7xx/Include -I../Drivers/CMSIS/Include -O0 -ffunction-sections -fdata-sections -Wall -fstack-usage -fcyclomatic-complexity -MMD -MP -MF"Core/Src/AirQualityIndicator.d" -MT"Core/Src/AirQualityIndicator.o" --specs=nano.specs -mfpu=fpv5-sp-d16 -mfloat-abi=hard -mthumb -o "Core/Src/AirQualityIndicator.o"
arm-none-eabi-gcc "../Core/Src/TopLayer.c" -mcpu=cortex-m7 -std=gnu11 -g3 -DDEBUG -DUSE_HAL_DRIVER -DSTM32F750xx -c -I../Core/Inc -I../Drivers/STM32F7xx_HAL_Driver/Inc -I../Drivers/STM32F7xx_HAL_Driver/Inc/Legacy -I../Drivers/CMSIS/Device/ST/STM32F7xx/Include -I../Drivers/CMSIS/Include -O0 -ffunction-sections -fdata-sections -Wall -fstack-usage -fcyclomatic-complexity -MMD -MP -MF"Core/Src/TopLayer.d" -MT"Core/Src/TopLayer.o" --specs=nano.specs -mfpu=fpv5-sp-d16 -mfloat-abi=hard -mthumb -o "Core/Src/TopLayer.o"
arm-none-eabi-gcc "../Core/Src/UART.c" -mcpu=cortex-m7 -std=gnu11 -g3 -DDEBUG -DUSE_HAL_DRIVER -DSTM32F750xx -c -I../Core/Inc -I../Drivers/STM32F7xx_HAL_Driver/Inc -I../Drivers/STM32F7xx_HAL_Driver/Inc/Legacy -I../Drivers/CMSIS/Device/ST/STM32F7xx/Include -I../Drivers/CMSIS/Include -O0 -ffunction-sections -fdata-sections -Wall -fstack-usage -fcyclomatic-complexity -MMD -MP -MF"Core/Src/UART.d" -MT"Core/Src/UART.o" --specs=nano.specs -mfpu=fpv5-sp-d16 -mfloat-abi=hard -mthumb -o "Core/Src/UART.o"
arm-none-eabi-gcc "../Core/Src/main.c" -mcpu=cortex-m7 -std=gnu11 -g3 -DDEBUG -DUSE_HAL_DRIVER -DSTM32F750xx -c -I../Core/Inc -I../Drivers/STM32F7xx_HAL_Driver/Inc -I../Drivers/STM32F7xx_HAL_Driver/Inc/Legacy -I../Drivers/CMSIS/Device/ST/STM32F7xx/Include -I../Drivers/CMSIS/Include -O0 -ffunction-sections -fdata-sections -Wall -fstack-usage -fcyclomatic-complexity -MMD -MP -MF"Core/Src/main.d" -MT"Core/Src/main.o" --specs=nano.specs -mfpu=fpv5-sp-d16 -mfloat-abi=hard -mthumb -o "Core/Src/main.o"
arm-none-eabi-gcc "../Core/Src/stm32f7xx_hal_msp.c" -mcpu=cortex-m7 -std=gnu11 -g3 -DDEBUG -DUSE_HAL_DRIVER -DSTM32F750xx -c -I../Core/Inc -I../Drivers/STM32F7xx_HAL_Driver/Inc -I../Drivers/STM32F7xx_HAL_Driver/Inc/Legacy -I../Drivers/CMSIS/Device/ST/STM32F7xx/Include -I../Drivers/CMSIS/Include -O0 -ffunction-sections -fdata-sections -Wall -fstack-usage -fcyclomatic-complexity -MMD -MP -MF"Core/Src/stm32f7xx_hal_msp.d" -MT"Core/Src/stm32f7xx_hal_msp.o" --specs=nano.specs -mfpu=fpv5-sp-d16 -mfloat-abi=hard -mthumb -o "Core/Src/stm32f7xx_hal_msp.o"
arm-none-eabi-gcc "../Core/Src/stm32f7xx_it.c" -mcpu=cortex-m7 -std=gnu11 -g3 -DDEBUG -DUSE_HAL_DRIVER -DSTM32F750xx -c -I../Core/Inc -I../Drivers/STM32F7xx_HAL_Driver/Inc -I../Drivers/STM32F7xx_HAL_Driver/Inc/Legacy -I../Drivers/CMSIS/Device/ST/STM32F7xx/Include -I../Drivers/CMSIS/Include -O0 -ffunction-sections -fdata-sections -Wall -fstack-usage -fcyclomatic-complexity -MMD -MP -MF"Core/Src/stm32f7xx_it.d" -MT"Core/Src/stm32f7xx_it.o" --specs=nano.specs -mfpu=fpv5-sp-d16 -mfloat-abi=hard -mthumb -o "Core/Src/stm32f7xx_it.o"
arm-none-eabi-gcc "../Core/Src/syscalls.c" -mcpu=cortex-m7 -std=gnu11 -g3 -DDEBUG -DUSE_HAL_DRIVER -DSTM32F750xx -c -I../Core/Inc -I../Drivers/STM32F7xx_HAL_Driver/Inc -I../Drivers/STM32F7xx_HAL_Driver/Inc/Legacy -I../Drivers/CMSIS/Device/ST/STM32F7xx/Include -I../Drivers/CMSIS/Include -O0 -ffunction-sections -fdata-sections -Wall -fstack-usage -fcyclomatic-complexity -MMD -MP -MF"Core/Src/syscalls.d" -MT"Core/Src/syscalls.o" --specs=nano.specs -mfpu=fpv5-sp-d16 -mfloat-abi=hard -mthumb -o "Core/Src/syscalls.o"
arm-none-eabi-gcc "../Core/Src/sysmem.c" -mcpu=cortex-m7 -std=gnu11 -g3 -DDEBUG -DUSE_HAL_DRIVER -DSTM32F750xx -c -I../Core/Inc -I../Drivers/STM32F7xx_HAL_Driver/Inc -I../Drivers/STM32F7xx_HAL_Driver/Inc/Legacy -I../Drivers/CMSIS/Device/ST/STM32F7xx/Include -I../Drivers/CMSIS/Include -O0 -ffunction-sections -fdata-sections -Wall -fstack-usage -fcyclomatic-complexity -MMD -MP -MF"Core/Src/sysmem.d" -MT"Core/Src/sysmem.o" --specs=nano.specs -mfpu=fpv5-sp-d16 -mfloat-abi=hard -mthumb -o "Core/Src/sysmem.o"
In file included from ../Core/Src/main.c:28:
../Core/Inc/Button.h:61:1: warning: useless storage class specifier in empty declaration
   61 | };
      | ^
../Core/Src/main.c: In function 'main':
../Core/Src/main.c:84:19: warning: initialization of '_Bool *' from 'int' makes pointer from integer without a cast [-Wint-conversion]
   84 | bool* MarkoFlag = true;
      |                   ^~~~
../Core/Src/main.c:150:11: warning: multi-line comment [-Wcomment]
  150 |           //################  Manic kod ##################\\
      |           ^
../Core/Src/main.c:153:17: warning: multi-line comment [-Wcomment]
  153 |                 // ************** Button ***************** \\
      |                 ^
../Core/Src/main.c:157:17: warning: multi-line comment [-Wcomment]
  157 |                 // ************ End Button ***************** \\
      |                 ^
../Core/Src/main.c:159:17: warning: multi-line comment [-Wcomment]
  159 |                 // ************** AirQuality ***************** \\
      |                 ^
../Core/Src/main.c:172:17: warning: multi-line comment [-Wcomment]
  172 |                 // ************ End AirQuality ***************** \\
      |                 ^
../Core/Src/main.c:174:11: warning: multi-line comment [-Wcomment]
  174 |           //##############################################\\
      |           ^
../Core/Src/main.c:84:7: warning: unused variable 'MarkoFlag' [-Wunused-variable]
   84 | bool* MarkoFlag = true;
      |       ^~~~~~~~~
arm-none-eabi-gcc "../Core/Src/system_stm32f7xx.c" -mcpu=cortex-m7 -std=gnu11 -g3 -DDEBUG -DUSE_HAL_DRIVER -DSTM32F750xx -c -I../Core/Inc -I../Drivers/STM32F7xx_HAL_Driver/Inc -I../Drivers/STM32F7xx_HAL_Driver/Inc/Legacy -I../Drivers/CMSIS/Device/ST/STM32F7xx/Include -I../Drivers/CMSIS/Include -O0 -ffunction-sections -fdata-sections -Wall -fstack-usage -fcyclomatic-complexity -MMD -MP -MF"Core/Src/system_stm32f7xx.d" -MT"Core/Src/system_stm32f7xx.o" --specs=nano.specs -mfpu=fpv5-sp-d16 -mfloat-abi=hard -mthumb -o "Core/Src/system_stm32f7xx.o"
arm-none-eabi-g++ -o "MQ intefejs.elf" @"objects.list"   -mcpu=cortex-m7 -T"C:\Users\Stevan.Milojevic\Desktop\DrajveriProba\MQ intefejs\STM32F750N8HX_FLASH.ld" --specs=nosys.specs -Wl,-Map="MQ intefejs.map" -Wl,--gc-sections -static --specs=nano.specs -mfpu=fpv5-sp-d16 -mfloat-abi=hard -mthumb -u _printf_float -u _scanf_float -Wl,--start-group -lc -lm -lstdc++ -lsupc++ -Wl,--end-group
Finished building target: MQ intefejs.elf
 
arm-none-eabi-size  MQ\ intefejs.elf 
arm-none-eabi-objdump -h -S MQ\ intefejs.elf  > "MQ intefejs.list"
   text	   data	    bss	    dec	    hex	filename
  41652	    476	   2300	  44428	   ad8c	MQ intefejs.elf
Finished building: default.size.stdout
 
Finished building: MQ intefejs.list
 
16:05:50 **** Incremental Build of configuration Debug for project MQ intefejs ****
make -j8 all 
arm-none-eabi-size  MQ\ intefejs.elf 
   text	   data	    bss	    dec	    hex	filename
  41652	    476	   2300	  44428	   ad8c	MQ intefejs.elf
Finished building: default.size.stdout
 
16:10:57 **** Incremental Build of configuration Debug for project MQ intefejs ****
make -j8 all 
arm-none-eabi-gcc "../Core/Src/LedRow.c" -mcpu=cortex-m7 -std=gnu11 -g3 -DDEBUG -DUSE_HAL_DRIVER -DSTM32F750xx -c -I../Core/Inc -I../Drivers/STM32F7xx_HAL_Driver/Inc -I../Drivers/STM32F7xx_HAL_Driver/Inc/Legacy -I../Drivers/CMSIS/Device/ST/STM32F7xx/Include -I../Drivers/CMSIS/Include -O0 -ffunction-sections -fdata-sections -Wall -fstack-usage -fcyclomatic-complexity -MMD -MP -MF"Core/Src/LedRow.d" -MT"Core/Src/LedRow.o" --specs=nano.specs -mfpu=fpv5-sp-d16 -mfloat-abi=hard -mthumb -o "Core/Src/LedRow.o"
arm-none-eabi-g++ -o "MQ intefejs.elf" @"objects.list"   -mcpu=cortex-m7 -T"C:\Users\Stevan.Milojevic\Desktop\DrajveriProba\MQ intefejs\STM32F750N8HX_FLASH.ld" --specs=nosys.specs -Wl,-Map="MQ intefejs.map" -Wl,--gc-sections -static --specs=nano.specs -mfpu=fpv5-sp-d16 -mfloat-abi=hard -mthumb -u _printf_float -u _scanf_float -Wl,--start-group -lc -lm -lstdc++ -lsupc++ -Wl,--end-group
Finished building target: MQ intefejs.elf
 
arm-none-eabi-size  MQ\ intefejs.elf 
arm-none-eabi-objdump -h -S MQ\ intefejs.elf  > "MQ intefejs.list"
   text	   data	    bss	    dec	    hex	filename
  41588	    476	   2300	  44364	   ad4c	MQ intefejs.elf
Finished building: default.size.stdout
 
Finished building: MQ intefejs.list
 
